---
source: crates/sparrow-main/src/serve/file_service.rs
expression: result
---
source_metadata:
  schema:
    fields:
      - name: id
        data_type:
          kind:
            Primitive: 6
        nullable: true
      - name: name
        data_type:
          kind:
            Primitive: 14
        nullable: true
      - name: value
        data_type:
          kind:
            Primitive: 14
        nullable: true
      - name: value2
        data_type:
          kind:
            Primitive: 6
        nullable: true

