---
source: crates/sparrow-main/src/main.rs
expression: output
---
Prepare a file for use as part of a table

Usage: sparrow-main prepare [OPTIONS] --schema <SCHEMA> --table <TABLE> <INPUT>

Arguments:
  <INPUT>
          Input file containing the Parquet file to prepare

Options:
      --output-path <OUTPUT_PATH>
          Output path to write the files to
          
          [default: .]

      --file-prefix <FILE_PREFIX>
          Prefix for the output file names

      --schema <SCHEMA>
          Path to the serialized schema

      --table <TABLE>
          The name of the table being prepared.
          
          This must be defined in the schema.

  -h, --help
          Print help (see a summary with '-h')

  -V, --version
          Print version

